// Jest Snapshot v1, https://goo.gl/fbAQLP

exports[`<Profile /> matches snapshot 1`] = `
<div>
  <div>
    <b>
      Duduling
    </b>
    <span>
      (
      두들링
      )
    </span>
  </div>
</div>
`;
